Archive member included to satisfy reference by file (symbol)

/usr/lib/gcc/arm-none-eabi/10.3.1/../../../arm-none-eabi/lib/thumb/v7e-m/nofp/libc_nano.a(lib_a-atexit.o)
                              /usr/lib/gcc/arm-none-eabi/10.3.1/../../../arm-none-eabi/lib/thumb/v7e-m/nofp/crt0.o (atexit)
/usr/lib/gcc/arm-none-eabi/10.3.1/../../../arm-none-eabi/lib/thumb/v7e-m/nofp/libc_nano.a(lib_a-exit.o)
                              /usr/lib/gcc/arm-none-eabi/10.3.1/../../../arm-none-eabi/lib/thumb/v7e-m/nofp/crt0.o (exit)
/usr/lib/gcc/arm-none-eabi/10.3.1/../../../arm-none-eabi/lib/thumb/v7e-m/nofp/libc_nano.a(lib_a-fini.o)
                              /usr/lib/gcc/arm-none-eabi/10.3.1/../../../arm-none-eabi/lib/thumb/v7e-m/nofp/crt0.o (__libc_fini_array)
/usr/lib/gcc/arm-none-eabi/10.3.1/../../../arm-none-eabi/lib/thumb/v7e-m/nofp/libc_nano.a(lib_a-impure.o)
                              /usr/lib/gcc/arm-none-eabi/10.3.1/../../../arm-none-eabi/lib/thumb/v7e-m/nofp/libc_nano.a(lib_a-exit.o) (_global_impure_ptr)
/usr/lib/gcc/arm-none-eabi/10.3.1/../../../arm-none-eabi/lib/thumb/v7e-m/nofp/libc_nano.a(lib_a-init.o)
                              /usr/lib/gcc/arm-none-eabi/10.3.1/../../../arm-none-eabi/lib/thumb/v7e-m/nofp/crt0.o (__libc_init_array)
/usr/lib/gcc/arm-none-eabi/10.3.1/../../../arm-none-eabi/lib/thumb/v7e-m/nofp/libc_nano.a(lib_a-memcpy.o)
                              hpl/can/hpl_can.o (memcpy)
/usr/lib/gcc/arm-none-eabi/10.3.1/../../../arm-none-eabi/lib/thumb/v7e-m/nofp/libc_nano.a(lib_a-memset.o)
                              /usr/lib/gcc/arm-none-eabi/10.3.1/../../../arm-none-eabi/lib/thumb/v7e-m/nofp/crt0.o (memset)
/usr/lib/gcc/arm-none-eabi/10.3.1/../../../arm-none-eabi/lib/thumb/v7e-m/nofp/libc_nano.a(lib_a-printf.o)
                              hal/utils/src/utils_syscalls.o (printf)
/usr/lib/gcc/arm-none-eabi/10.3.1/../../../arm-none-eabi/lib/thumb/v7e-m/nofp/libc_nano.a(lib_a-sprintf.o)
                              thirdparty/RTOS/freertos/FreeRTOSV10.0.0/Source/tasks.o (sprintf)
/usr/lib/gcc/arm-none-eabi/10.3.1/../../../arm-none-eabi/lib/thumb/v7e-m/nofp/libc_nano.a(lib_a-strcpy.o)
                              thirdparty/RTOS/freertos/FreeRTOSV10.0.0/Source/tasks.o (strcpy)
/usr/lib/gcc/arm-none-eabi/10.3.1/../../../arm-none-eabi/lib/thumb/v7e-m/nofp/libc_nano.a(lib_a-strlen.o)
                              thirdparty/RTOS/freertos/FreeRTOSV10.0.0/Source/tasks.o (strlen)
/usr/lib/gcc/arm-none-eabi/10.3.1/../../../arm-none-eabi/lib/thumb/v7e-m/nofp/libc_nano.a(lib_a-__atexit.o)
                              /usr/lib/gcc/arm-none-eabi/10.3.1/../../../arm-none-eabi/lib/thumb/v7e-m/nofp/libc_nano.a(lib_a-atexit.o) (__register_exitproc)
/usr/lib/gcc/arm-none-eabi/10.3.1/../../../arm-none-eabi/lib/thumb/v7e-m/nofp/libc_nano.a(lib_a-__call_atexit.o)
                              /usr/lib/gcc/arm-none-eabi/10.3.1/../../../arm-none-eabi/lib/thumb/v7e-m/nofp/libc_nano.a(lib_a-__atexit.o) (__call_exitprocs)
/usr/lib/gcc/arm-none-eabi/10.3.1/../../../arm-none-eabi/lib/thumb/v7e-m/nofp/libc_nano.a(lib_a-findfp.o)
                              /usr/lib/gcc/arm-none-eabi/10.3.1/../../../arm-none-eabi/lib/thumb/v7e-m/nofp/libc_nano.a(lib_a-printf.o) (__sinit)
/usr/lib/gcc/arm-none-eabi/10.3.1/../../../arm-none-eabi/lib/thumb/v7e-m/nofp/libc_nano.a(lib_a-fwalk.o)
                              /usr/lib/gcc/arm-none-eabi/10.3.1/../../../arm-none-eabi/lib/thumb/v7e-m/nofp/libc_nano.a(lib_a-findfp.o) (_fwalk)
/usr/lib/gcc/arm-none-eabi/10.3.1/../../../arm-none-eabi/lib/thumb/v7e-m/nofp/libc_nano.a(lib_a-nano-mallocr.o)
                              /usr/lib/gcc/arm-none-eabi/10.3.1/../../../arm-none-eabi/lib/thumb/v7e-m/nofp/libc_nano.a(lib_a-findfp.o) (_malloc_r)
/usr/lib/gcc/arm-none-eabi/10.3.1/../../../arm-none-eabi/lib/thumb/v7e-m/nofp/libc_nano.a(lib_a-nano-svfprintf.o)
                              /usr/lib/gcc/arm-none-eabi/10.3.1/../../../arm-none-eabi/lib/thumb/v7e-m/nofp/libc_nano.a(lib_a-sprintf.o) (_svfprintf_r)
/usr/lib/gcc/arm-none-eabi/10.3.1/../../../arm-none-eabi/lib/thumb/v7e-m/nofp/libc_nano.a(lib_a-nano-vfprintf.o)
                              /usr/lib/gcc/arm-none-eabi/10.3.1/../../../arm-none-eabi/lib/thumb/v7e-m/nofp/libc_nano.a(lib_a-printf.o) (_vfprintf_r)
/usr/lib/gcc/arm-none-eabi/10.3.1/../../../arm-none-eabi/lib/thumb/v7e-m/nofp/libc_nano.a(lib_a-nano-vfprintf_i.o)
                              /usr/lib/gcc/arm-none-eabi/10.3.1/../../../arm-none-eabi/lib/thumb/v7e-m/nofp/libc_nano.a(lib_a-nano-svfprintf.o) (_printf_i)
/usr/lib/gcc/arm-none-eabi/10.3.1/../../../arm-none-eabi/lib/thumb/v7e-m/nofp/libc_nano.a(lib_a-sbrkr.o)
                              /usr/lib/gcc/arm-none-eabi/10.3.1/../../../arm-none-eabi/lib/thumb/v7e-m/nofp/libc_nano.a(lib_a-nano-mallocr.o) (_sbrk_r)
/usr/lib/gcc/arm-none-eabi/10.3.1/../../../arm-none-eabi/lib/thumb/v7e-m/nofp/libc_nano.a(lib_a-stdio.o)
[...]
Memory Configuration

Name             Origin             Length             Attributes
rom              0x0000000000000000 0x0000000000040000 xr
ram              0x0000000020000000 0x0000000000020000 xrw
bkupram          0x0000000047000000 0x0000000000002000 xrw
qspi             0x0000000004000000 0x0000000001000000 xrw
*default*        0x0000000000000000 0xffffffffffffffff

Linker script and memory map

LOAD /usr/lib/gcc/arm-none-eabi/10.3.1/thumb/v7e-m/nofp/crti.o
LOAD /usr/lib/gcc/arm-none-eabi/10.3.1/thumb/v7e-m/nofp/crtbegin.o
LOAD /usr/lib/gcc/arm-none-eabi/10.3.1/../../../arm-none-eabi/lib/thumb/v7e-m/nofp/crt0.o
LOAD hal/src/hal_io.o
LOAD thirdparty/RTOS/freertos/FreeRTOSV10.0.0/Source/list.o
LOAD thirdparty/RTOS/freertos/FreeRTOSV10.0.0/Source/portable/MemMang/heap_1.o
LOAD hal/src/hal_can_async.o
LOAD thirdparty/RTOS/freertos/FreeRTOSV10.0.0/Source/event_groups.o
LOAD thirdparty/RTOS/freertos/FreeRTOSV10.0.0/Source/croutine.o
LOAD gcc/system_same51.o
LOAD hpl/can/hpl_can.o
LOAD hpl/core/hpl_core_m4.o
LOAD thirdparty/RTOS/freertos/FreeRTOSV10.0.0/Source/stream_buffer.o
LOAD hal/utils/src/utils_syscalls.o
LOAD thirdparty/RTOS/freertos/FreeRTOSV10.0.0/Source/queue.o
LOAD thirdparty/RTOS/freertos/FreeRTOSV10.0.0/Source/portable/GCC/ARM_CM4F/port.o
LOAD thirdparty/RTOS/freertos/FreeRTOSV10.0.0/Source/timers.o
LOAD hal/src/hal_delay.o
LOAD hpl/pm/hpl_pm.o
LOAD hpl/core/hpl_init.o
LOAD hpl/gclk/hpl_gclk.o
LOAD hal/utils/src/utils_list.o
LOAD hal/utils/src/utils_assert.o
LOAD hpl/dmac/hpl_dmac.o
LOAD hpl/oscctrl/hpl_oscctrl.o
LOAD hpl/mclk/hpl_mclk.o
LOAD hpl/ramecc/hpl_ramecc.o
LOAD hal/src/hal_init.o
LOAD thirdparty/RTOS/freertos/FreeRTOSV10.0.0/rtos_port.o
LOAD rtos_start.o
LOAD hpl/osc32kctrl/hpl_osc32kctrl.o
LOAD examples/driver_examples.o
LOAD driver_init.o
LOAD main.o
LOAD hal/src/hal_gpio.o
LOAD hal/utils/src/utils_event.o
LOAD hal/src/hal_sleep.o
LOAD hal/src/hal_cache.o
LOAD hpl/cmcc/hpl_cmcc.o
LOAD atmel_start.o
LOAD gcc/gcc/startup_same51.o
LOAD hal/src/hal_atomic.o
LOAD thirdparty/RTOS/freertos/FreeRTOSV10.0.0/Source/tasks.o
START GROUP
LOAD /usr/lib/gcc/arm-none-eabi/10.3.1/../../../arm-none-eabi/lib/thumb/v7e-m/nofp/libm.a
END GROUP
START GROUP
LOAD /usr/lib/gcc/arm-none-eabi/10.3.1/thumb/v7e-m/nofp/libgcc.a
LOAD /usr/lib/gcc/arm-none-eabi/10.3.1/../../../arm-none-eabi/lib/thumb/v7e-m/nofp/libc_nano.a
END GROUP
START GROUP
LOAD /usr/lib/gcc/arm-none-eabi/10.3.1/thumb/v7e-m/nofp/libgcc.a
LOAD /usr/lib/gcc/arm-none-eabi/10.3.1/../../../arm-none-eabi/lib/thumb/v7e-m/nofp/libc_nano.a
END GROUP
LOAD /usr/lib/gcc/arm-none-eabi/10.3.1/thumb/v7e-m/nofp/crtend.o
LOAD /usr/lib/gcc/arm-none-eabi/10.3.1/thumb/v7e-m/nofp/crtn.o
                0x0000000000008000                STACK_SIZE = DEFINED (STACK_SIZE)?STACK_SIZE:DEFINED (__stack_size__)?__stack_size__:0x8000

.text           0x0000000000000000      0xb40
                0x0000000000000000                . = ALIGN (0x4)
                0x0000000000000000                _sfixed = .
 *(.vectors .vectors.*)
 .vectors       0x0000000000000000      0x264 gcc/gcc/startup_same51.o
                0x0000000000000000                exception_table
 *(.text .text.* .gnu.linkonce.t.*)
 .text          0x0000000000000264       0x88 /usr/lib/gcc/arm-none-eabi/10.3.1/thumb/v7e-m/nofp/crtbegin.o
 .text.vListInsertEnd
                0x00000000000002ec       0x18 thirdparty/RTOS/freertos/FreeRTOSV10.0.0/Source/list.o
                0x00000000000002ec                vListInsertEnd
 .text.uxListRemove
                0x0000000000000304       0x20 thirdparty/RTOS/freertos/FreeRTOSV10.0.0/Source/list.o
                0x0000000000000304                uxListRemove
 .text.can_tx_done
                0x0000000000000324        0x8 hal/src/hal_can_async.o
 .text.can_rx_done
                0x000000000000032c        0x8 hal/src/hal_can_async.o
 .text.can_irq_handler
                0x0000000000000334        0x8 hal/src/hal_can_async.o
 .text.can_async_init
                0x000000000000033c       0x48 hal/src/hal_can_async.o
                0x000000000000033c                can_async_init
 .text._can_async_init
                0x0000000000000384       0xdc hpl/can/hpl_can.o
                0x0000000000000384                _can_async_init
 .text.CAN0_Handler
                0x0000000000000460       0x64 hpl/can/hpl_can.o
                0x0000000000000460                CAN0_Handler
 *fill*         0x00000000000004c4        0xc 
 .text.SVCall_Handler
                0x00000000000004d0       0x24 thirdparty/RTOS/freertos/FreeRTOSV10.0.0/Source/portable/GCC/ARM_CM4F/port.o
                0x00000000000004d0                SVCall_Handler
 *fill*         0x00000000000004f4        0xc 
 .text.PendSV_Handler
                0x0000000000000500       0x64 thirdparty/RTOS/freertos/FreeRTOSV10.0.0/Source/portable/GCC/ARM_CM4F/port.o
                0x0000000000000500                PendSV_Handler
 .text.SysTick_Handler
                0x0000000000000564       0x30 thirdparty/RTOS/freertos/FreeRTOSV10.0.0/Source/portable/GCC/ARM_CM4F/port.o
                0x0000000000000564                SysTick_Handler
 .text._init_chip
                0x0000000000000594       0x40 hpl/core/hpl_init.o
                0x0000000000000594                _init_chip
 .text._gclk_init_generators_by_fref
                0x00000000000005d4       0x20 hpl/gclk/hpl_gclk.o
                0x00000000000005d4                _gclk_init_generators_by_fref
 .text.assert   0x00000000000005f4        0x6 hal/utils/src/utils_assert.o
                0x00000000000005f4                assert
 *fill*         0x00000000000005fa        0x2 
 .text._oscctrl_init_sources
                0x00000000000005fc       0x18 hpl/oscctrl/hpl_oscctrl.o
                0x00000000000005fc                _oscctrl_init_sources
 .text._oscctrl_init_referenced_generators
                0x0000000000000614        0x2 hpl/oscctrl/hpl_oscctrl.o
                0x0000000000000614                _oscctrl_init_referenced_generators
 *fill*         0x0000000000000616        0x2 
 .text._mclk_init
                0x0000000000000618        0xc hpl/mclk/hpl_mclk.o
                0x0000000000000618                _mclk_init
 .text.RAMECC_Handler
                0x0000000000000624       0x38 hpl/ramecc/hpl_ramecc.o
                0x0000000000000624                RAMECC_Handler
 .text._osc32kctrl_init_sources
                0x000000000000065c       0x14 hpl/osc32kctrl/hpl_osc32kctrl.o
                0x000000000000065c                _osc32kctrl_init_sources
 .text.CAN_0_init
                0x0000000000000670       0x2c driver_init.o
                0x0000000000000670                CAN_0_init
 .text.system_init
                0x000000000000069c       0x18 driver_init.o
                0x000000000000069c                system_init
 .text.startup.main
                0x00000000000006b4        0xc main.o
                0x00000000000006b4                main
 .text.atmel_start_init
                0x00000000000006c0        0x8 atmel_start.o
                0x00000000000006c0                atmel_start_init
 .text.Dummy_Handler
                0x00000000000006c8        0x2 gcc/gcc/startup_same51.o
                0x00000000000006c8                EIC_5_Handler
                0x00000000000006c8                SERCOM0_2_Handler
                0x00000000000006c8                EIC_13_Handler
                0x00000000000006c8                EVSYS_0_Handler
                0x00000000000006c8                TCC1_3_Handler
                0x00000000000006c8                DAC_3_Handler
                0x00000000000006c8                TRNG_Handler
                0x00000000000006c8                HardFault_Handler
                0x00000000000006c8                TC2_Handler
                0x00000000000006c8                PDEC_2_Handler
                0x00000000000006c8                EIC_4_Handler
                0x00000000000006c8                AC_Handler
                0x00000000000006c8                SERCOM3_1_Handler
                0x00000000000006c8                TCC2_3_Handler
                0x00000000000006c8                SERCOM3_2_Handler
                0x00000000000006c8                ADC1_1_Handler
                0x00000000000006c8                EVSYS_3_Handler
                0x00000000000006c8                PDEC_0_Handler
                0x00000000000006c8                QSPI_Handler
                0x00000000000006c8                NonMaskableInt_Handler
                0x00000000000006c8                TCC0_0_Handler
                0x00000000000006c8                EIC_3_Handler
                0x00000000000006c8                MemManagement_Handler
                0x00000000000006c8                DAC_2_Handler
                0x00000000000006c8                SERCOM0_0_Handler
                0x00000000000006c8                RTC_Handler
                0x00000000000006c8                UsageFault_Handler
                0x00000000000006c8                SERCOM4_0_Handler
                0x00000000000006c8                EIC_10_Handler
                0x00000000000006c8                SERCOM0_3_Handler
                0x00000000000006c8                EIC_11_Handler
                0x00000000000006c8                EIC_9_Handler
                0x00000000000006c8                OSC32KCTRL_Handler
                0x00000000000006c8                TCC2_1_Handler
                0x00000000000006c8                SUPC_1_Handler
                0x00000000000006c8                TCC0_5_Handler
                0x00000000000006c8                TCC0_6_Handler
                0x00000000000006c8                EVSYS_1_Handler
                0x00000000000006c8                TCC1_4_Handler
                0x00000000000006c8                DMAC_0_Handler
                0x00000000000006c8                WDT_Handler
                0x00000000000006c8                EIC_8_Handler
                0x00000000000006c8                EIC_15_Handler
                0x00000000000006c8                SERCOM5_0_Handler
                0x00000000000006c8                TC4_Handler
                0x00000000000006c8                TC1_Handler
                0x00000000000006c8                OSCCTRL_4_Handler
                0x00000000000006c8                SERCOM4_3_Handler
                0x00000000000006c8                EIC_12_Handler
                0x00000000000006c8                DMAC_4_Handler
                0x00000000000006c8                TCC4_2_Handler
                0x00000000000006c8                PAC_Handler
                0x00000000000006c8                TCC1_0_Handler
                0x00000000000006c8                USB_0_Handler
                0x00000000000006c8                OSCCTRL_0_Handler
                0x00000000000006c8                EIC_0_Handler
                0x00000000000006c8                OSCCTRL_3_Handler
                0x00000000000006c8                SERCOM4_1_Handler
                0x00000000000006c8                TC3_Handler
                0x00000000000006c8                Dummy_Handler
                0x00000000000006c8                TCC3_0_Handler
                0x00000000000006c8                TCC2_2_Handler
                0x00000000000006c8                SERCOM5_1_Handler
                0x00000000000006c8                TCC1_1_Handler
                0x00000000000006c8                DMAC_2_Handler
                0x00000000000006c8                ADC0_0_Handler
                0x00000000000006c8                SERCOM0_1_Handler
                0x00000000000006c8                OSCCTRL_2_Handler
                0x00000000000006c8                ADC1_0_Handler
                0x00000000000006c8                TCC1_2_Handler
                0x00000000000006c8                USB_1_Handler
                0x00000000000006c8                PM_Handler
                0x00000000000006c8                SERCOM2_3_Handler
                0x00000000000006c8                DAC_4_Handler
                0x00000000000006c8                TCC3_2_Handler
                0x00000000000006c8                TCC0_2_Handler
                0x00000000000006c8                DMAC_1_Handler
                0x00000000000006c8                TCC4_0_Handler
                0x00000000000006c8                USB_3_Handler
                0x00000000000006c8                CAN1_Handler
                0x00000000000006c8                TCC2_0_Handler
                0x00000000000006c8                PDEC_1_Handler
                0x00000000000006c8                TCC4_1_Handler
                0x00000000000006c8                SERCOM5_3_Handler
                0x00000000000006c8                USB_2_Handler
                0x00000000000006c8                SDHC0_Handler
                0x00000000000006c8                SERCOM1_1_Handler
                0x00000000000006c8                I2S_Handler
                0x00000000000006c8                EIC_2_Handler
                0x00000000000006c8                PCC_Handler
                0x00000000000006c8                DAC_0_Handler
                0x00000000000006c8                TCC0_1_Handler
                0x00000000000006c8                SERCOM1_3_Handler
                0x00000000000006c8                EIC_6_Handler
                0x00000000000006c8                OSCCTRL_1_Handler
                0x00000000000006c8                SERCOM1_0_Handler
                0x00000000000006c8                PUKCC_Handler
                0x00000000000006c8                SERCOM2_1_Handler
                0x00000000000006c8                SERCOM1_2_Handler
                0x00000000000006c8                SERCOM3_0_Handler
                0x00000000000006c8                EIC_1_Handler
                0x00000000000006c8                SERCOM4_2_Handler
                0x00000000000006c8                EVSYS_4_Handler
                0x00000000000006c8                EIC_7_Handler
                0x00000000000006c8                NVMCTRL_1_Handler
                0x00000000000006c8                SERCOM5_2_Handler
                0x00000000000006c8                SERCOM3_3_Handler
                0x00000000000006c8                ADC0_1_Handler
                0x00000000000006c8                SERCOM2_2_Handler
                0x00000000000006c8                TCC3_1_Handler
                0x00000000000006c8                EIC_14_Handler
                0x00000000000006c8                DAC_1_Handler
                0x00000000000006c8                NVMCTRL_0_Handler
                0x00000000000006c8                MCLK_Handler
                0x00000000000006c8                EVSYS_2_Handler
                0x00000000000006c8                SUPC_0_Handler
                0x00000000000006c8                BusFault_Handler
                0x00000000000006c8                FREQM_Handler
                0x00000000000006c8                TC0_Handler
                0x00000000000006c8                TCC0_3_Handler
                0x00000000000006c8                DMAC_3_Handler
                0x00000000000006c8                DebugMonitor_Handler
                0x00000000000006c8                TCC0_4_Handler
                0x00000000000006c8                TC5_Handler
                0x00000000000006c8                SERCOM2_0_Handler
                0x00000000000006c8                AES_Handler
                0x00000000000006c8                ICM_Handler
 *fill*         0x00000000000006ca        0x2 
 .text.Reset_Handler
                0x00000000000006cc       0x90 gcc/gcc/startup_same51.o
                0x00000000000006cc                Reset_Handler
 .text.prvResetNextTaskUnblockTime
                0x000000000000075c       0x24 thirdparty/RTOS/freertos/FreeRTOSV10.0.0/Source/tasks.o
 .text.xTaskIncrementTick
                0x0000000000000780       0xfc thirdparty/RTOS/freertos/FreeRTOSV10.0.0/Source/tasks.o
                0x0000000000000780                xTaskIncrementTick
 .text.vTaskSwitchContext
                0x000000000000087c       0x68 thirdparty/RTOS/freertos/FreeRTOSV10.0.0/Source/tasks.o
                0x000000000000087c                vTaskSwitchContext
 .text          0x00000000000008e4       0x48 /usr/lib/gcc/arm-none-eabi/10.3.1/../../../arm-none-eabi/lib/thumb/v7e-m/nofp/libc_nano.a(lib_a-init.o)
                0x00000000000008e4                __libc_init_array
 .text          0x000000000000092c      0x134 /usr/lib/gcc/arm-none-eabi/10.3.1/../../../arm-none-eabi/lib/thumb/v7e-m/nofp/libc_nano.a(lib_a-memcpy.o)
                0x000000000000092c                memcpy
 .text          0x0000000000000a60       0xa4 /usr/lib/gcc/arm-none-eabi/10.3.1/../../../arm-none-eabi/lib/thumb/v7e-m/nofp/libc_nano.a(lib_a-memset.o)
                0x0000000000000a60                memset
 *(.glue_7t)
 .glue_7t       0x0000000000000b04        0x0 linker stubs
 *(.glue_7)
 .glue_7        0x0000000000000b04        0x0 linker stubs
 *(.rodata .rodata* .gnu.linkonce.r.*)
 .rodata.str1.1
                0x0000000000000b04       0x1b hal/src/hal_can_async.o
 *(.ARM.extab* .gnu.linkonce.armextab.*)
                0x0000000000000b20                . = ALIGN (0x4)
 *fill*         0x0000000000000b1f        0x1 
 *(.init)
 .init          0x0000000000000b20        0x4 /usr/lib/gcc/arm-none-eabi/10.3.1/thumb/v7e-m/nofp/crti.o
                0x0000000000000b20                _init
 .init          0x0000000000000b24        0x8 /usr/lib/gcc/arm-none-eabi/10.3.1/thumb/v7e-m/nofp/crtn.o
                0x0000000000000b2c                . = ALIGN (0x4)
                0x0000000000000b2c                __preinit_array_start = .
 *(.preinit_array)
                0x0000000000000b2c                __preinit_array_end = .
                0x0000000000000b2c                . = ALIGN (0x4)
                0x0000000000000b2c                __init_array_start = .
 *(SORT_BY_NAME(.init_array.*))
 *(.init_array)
 .init_array    0x0000000000000b2c        0x4 /usr/lib/gcc/arm-none-eabi/10.3.1/thumb/v7e-m/nofp/crtbegin.o
                0x0000000000000b30                __init_array_end = .
                0x0000000000000b30                . = ALIGN (0x4)
 *crtbegin.o(.ctors)
 *(EXCLUDE_FILE(*crtend.o) .ctors)
 *(SORT_BY_NAME(.ctors.*))
 *crtend.o(.ctors)
                0x0000000000000b30                . = ALIGN (0x4)
 *(.fini)
 .fini          0x0000000000000b30        0x4 /usr/lib/gcc/arm-none-eabi/10.3.1/thumb/v7e-m/nofp/crti.o
                0x0000000000000b30                _fini
 .fini          0x0000000000000b34        0x8 /usr/lib/gcc/arm-none-eabi/10.3.1/thumb/v7e-m/nofp/crtn.o
                0x0000000000000b3c                . = ALIGN (0x4)
                0x0000000000000b3c                __fini_array_start = .
 *(.fini_array)
 .fini_array    0x0000000000000b3c        0x4 /usr/lib/gcc/arm-none-eabi/10.3.1/thumb/v7e-m/nofp/crtbegin.o
 *(SORT_BY_NAME(.fini_array.*))
                0x0000000000000b40                __fini_array_end = .
 *crtbegin.o(.dtors)
 *(EXCLUDE_FILE(*crtend.o) .dtors)
 *(SORT_BY_NAME(.dtors.*))
 *crtend.o(.dtors)
                0x0000000000000b40                . = ALIGN (0x4)
                0x0000000000000b40                _efixed = .
                [!provide]                        PROVIDE (__exidx_start = .)

.vfp11_veneer   0x0000000000000b40        0x0
 .vfp11_veneer  0x0000000000000b40        0x0 linker stubs

.v4_bx          0x0000000000000b40        0x0
 .v4_bx         0x0000000000000b40        0x0 linker stubs

.iplt           0x0000000000000b40        0x0
 .iplt          0x0000000000000b40        0x0 /usr/lib/gcc/arm-none-eabi/10.3.1/thumb/v7e-m/nofp/crtbegin.o

.eh_frame       0x0000000000000b40        0x0
 .eh_frame      0x0000000000000b40        0x0 /usr/lib/gcc/arm-none-eabi/10.3.1/thumb/v7e-m/nofp/crtbegin.o

.rel.dyn        0x0000000000000b40        0x0
 .rel.iplt      0x0000000000000b40        0x0 /usr/lib/gcc/arm-none-eabi/10.3.1/thumb/v7e-m/nofp/crtbegin.o

.tm_clone_table
                0x0000000000000b40        0x0
 .tm_clone_table
                0x0000000000000b40        0x0 /usr/lib/gcc/arm-none-eabi/10.3.1/thumb/v7e-m/nofp/crtbegin.o
 .tm_clone_table
                0x0000000000000b40        0x0 /usr/lib/gcc/arm-none-eabi/10.3.1/thumb/v7e-m/nofp/crtend.o

.igot.plt       0x0000000000000b40        0x0
 .igot.plt      0x0000000000000b40        0x0 /usr/lib/gcc/arm-none-eabi/10.3.1/thumb/v7e-m/nofp/crtbegin.o

.ARM.exidx
 *(.ARM.exidx* .gnu.linkonce.armexidx.*)
                [!provide]                        PROVIDE (__exidx_end = .)
                0x0000000000000b40                . = ALIGN (0x4)
                0x0000000000000b40                _etext = .

.relocate       0x0000000020000000       0x14 load address 0x0000000000000b40
                0x0000000020000000                . = ALIGN (0x4)
                0x0000000020000000                _srelocate = .
 *(.ramfunc .ramfunc.*)
 *(.data .data.*)
 .data          0x0000000020000000       0x14 hpl/can/hpl_can.o
                0x0000000020000000                _can0_context
                0x0000000020000014                . = ALIGN (0x4)
                0x0000000020000014                _erelocate = .

.bkupram        0x0000000047000000        0x0
                0x0000000047000000                . = ALIGN (0x8)
                0x0000000047000000                _sbkupram = .
 *(.bkupram .bkupram.*)
                0x0000000047000000                . = ALIGN (0x8)
                0x0000000047000000                _ebkupram = .

.qspi           0x0000000004000000        0x0
                0x0000000004000000                . = ALIGN (0x8)
                0x0000000004000000                _sqspi = .
 *(.qspi .qspi.*)
                0x0000000004000000                . = ALIGN (0x8)
                0x0000000004000000                _eqspi = .

.bss            0x0000000020000014      0x1ac load address 0x0000000000000b54
                0x0000000020000014                . = ALIGN (0x4)
                0x0000000020000014                _sbss = .
                0x0000000020000014                _szero = .
 *(.bss .bss.*)
 .bss           0x0000000020000014       0x1c /usr/lib/gcc/arm-none-eabi/10.3.1/thumb/v7e-m/nofp/crtbegin.o
 .bss           0x0000000020000030       0x6c hpl/can/hpl_can.o
                0x0000000020000034                can0_rx_fifo
                0x0000000020000054                can0_tx_fifo
 .bss           0x000000002000009c       0x10 hpl/ramecc/hpl_ramecc.o
                0x000000002000009c                device
 .bss           0x00000000200000ac       0x28 driver_init.o
                0x00000000200000ac                CAN_0
 .bss           0x00000000200000d4       0xec thirdparty/RTOS/freertos/FreeRTOSV10.0.0/Source/tasks.o
                0x000000002000013c                pxCurrentTCB
 *(COMMON)
                0x00000000200001c0                . = ALIGN (0x4)
                0x00000000200001c0                _ebss = .
                0x00000000200001c0                _ezero = .

.stack          0x00000000200001c0     0x8000 load address 0x0000000000000d00
                0x00000000200001c0                . = ALIGN (0x8)
                0x00000000200001c0                _sstack = .
                0x00000000200081c0                . = (. + STACK_SIZE)
 *fill*         0x00000000200001c0     0x8000 
                0x00000000200081c0                . = ALIGN (0x8)
                0x00000000200081c0                _estack = .
                0x00000000200081c0                . = ALIGN (0x4)
                0x00000000200081c0                _end = .
OUTPUT(AtmelStart.elf elf32-littlearm)
LOAD linker stubs

.ARM.attributes
                0x0000000000000000       0x2e
 .ARM.attributes
                0x0000000000000000       0x1e /usr/lib/gcc/arm-none-eabi/10.3.1/thumb/v7e-m/nofp/crti.o
 .ARM.attributes
                0x000000000000001e       0x2e /usr/lib/gcc/arm-none-eabi/10.3.1/thumb/v7e-m/nofp/crtbegin.o
 .ARM.attributes
                0x000000000000004c       0x32 thirdparty/RTOS/freertos/FreeRTOSV10.0.0/Source/list.o
 .ARM.attributes
                0x000000000000007e       0x32 hal/src/hal_can_async.o
 .ARM.attributes
                0x00000000000000b0       0x32 hpl/can/hpl_can.o
 .ARM.attributes
                0x00000000000000e2       0x32 thirdparty/RTOS/freertos/FreeRTOSV10.0.0/Source/portable/GCC/ARM_CM4F/port.o
 .ARM.attributes
                0x0000000000000114       0x32 hpl/core/hpl_init.o
 .ARM.attributes
                0x0000000000000146       0x32 hpl/gclk/hpl_gclk.o
 .ARM.attributes
                0x0000000000000178       0x32 hal/utils/src/utils_assert.o
 .ARM.attributes
                0x00000000000001aa       0x32 hpl/oscctrl/hpl_oscctrl.o
 .ARM.attributes
                0x00000000000001dc       0x32 hpl/mclk/hpl_mclk.o
 .ARM.attributes
                0x000000000000020e       0x32 hpl/ramecc/hpl_ramecc.o
 .ARM.attributes
                0x0000000000000240       0x32 hpl/osc32kctrl/hpl_osc32kctrl.o
 .ARM.attributes
                0x0000000000000272       0x32 driver_init.o
 .ARM.attributes
                0x00000000000002a4       0x32 main.o
 .ARM.attributes
                0x00000000000002d6       0x32 atmel_start.o
 .ARM.attributes
                0x0000000000000308       0x32 gcc/gcc/startup_same51.o
 .ARM.attributes
                0x000000000000033a       0x32 thirdparty/RTOS/freertos/FreeRTOSV10.0.0/Source/tasks.o
 .ARM.attributes
                0x000000000000036c       0x2e /usr/lib/gcc/arm-none-eabi/10.3.1/../../../arm-none-eabi/lib/thumb/v7e-m/nofp/libc_nano.a(lib_a-init.o)
 .ARM.attributes
                0x000000000000039a       0x1c /usr/lib/gcc/arm-none-eabi/10.3.1/../../../arm-none-eabi/lib/thumb/v7e-m/nofp/libc_nano.a(lib_a-memcpy.o)
 .ARM.attributes
                0x00000000000003b6       0x2e /usr/lib/gcc/arm-none-eabi/10.3.1/../../../arm-none-eabi/lib/thumb/v7e-m/nofp/libc_nano.a(lib_a-memset.o)
 .ARM.attributes
                0x00000000000003e4       0x2e /usr/lib/gcc/arm-none-eabi/10.3.1/thumb/v7e-m/nofp/crtend.o
 .ARM.attributes
                0x0000000000000412       0x1e /usr/lib/gcc/arm-none-eabi/10.3.1/thumb/v7e-m/nofp/crtn.o

.comment        0x0000000000000000       0x33
 .comment       0x0000000000000000       0x33 /usr/lib/gcc/arm-none-eabi/10.3.1/thumb/v7e-m/nofp/crtbegin.o
                                         0x34 (size before relaxing)
 .comment       0x0000000000000033       0x34 thirdparty/RTOS/freertos/FreeRTOSV10.0.0/Source/list.o
 .comment       0x0000000000000033       0x34 hal/src/hal_can_async.o
 .comment       0x0000000000000033       0x34 hpl/can/hpl_can.o
 .comment       0x0000000000000033       0x34 thirdparty/RTOS/freertos/FreeRTOSV10.0.0/Source/portable/GCC/ARM_CM4F/port.o
 .comment       0x0000000000000033       0x34 hpl/core/hpl_init.o
 .comment       0x0000000000000033       0x34 hpl/gclk/hpl_gclk.o
 .comment       0x0000000000000033       0x34 hal/utils/src/utils_assert.o
 .comment       0x0000000000000033       0x34 hpl/oscctrl/hpl_oscctrl.o
 .comment       0x0000000000000033       0x34 hpl/mclk/hpl_mclk.o
 .comment       0x0000000000000033       0x34 hpl/ramecc/hpl_ramecc.o
 .comment       0x0000000000000033       0x34 hpl/osc32kctrl/hpl_osc32kctrl.o
 .comment       0x0000000000000033       0x34 driver_init.o
 .comment       0x0000000000000033       0x34 main.o
 .comment       0x0000000000000033       0x34 atmel_start.o
 .comment       0x0000000000000033       0x34 gcc/gcc/startup_same51.o
 .comment       0x0000000000000033       0x34 thirdparty/RTOS/freertos/FreeRTOSV10.0.0/Source/tasks.o
 .comment       0x0000000000000033       0x34 /usr/lib/gcc/arm-none-eabi/10.3.1/../../../arm-none-eabi/lib/thumb/v7e-m/nofp/libc_nano.a(lib_a-init.o)
 .comment       0x0000000000000033       0x34 /usr/lib/gcc/arm-none-eabi/10.3.1/../../../arm-none-eabi/lib/thumb/v7e-m/nofp/libc_nano.a(lib_a-memset.o)
 .comment       0x0000000000000033       0x34 /usr/lib/gcc/arm-none-eabi/10.3.1/thumb/v7e-m/nofp/crtend.o

.debug_info     0x0000000000000000    0x11e3a
 .debug_info    0x0000000000000000      0x2cb thirdparty/RTOS/freertos/FreeRTOSV10.0.0/Source/list.o
 .debug_info    0x00000000000002cb      0xa6e hal/src/hal_can_async.o
 .debug_info    0x0000000000000d39     0x528c hpl/can/hpl_can.o
 .debug_info    0x0000000000005fc5      0x58a thirdparty/RTOS/freertos/FreeRTOSV10.0.0/Source/portable/GCC/ARM_CM4F/port.o
 .debug_info    0x000000000000654f      0xb63 hpl/core/hpl_init.o
 .debug_info    0x00000000000070b2      0x5b7 hpl/gclk/hpl_gclk.o
 .debug_info    0x0000000000007669       0xd9 hal/utils/src/utils_assert.o
 .debug_info    0x0000000000007742     0x109d hpl/oscctrl/hpl_oscctrl.o
 .debug_info    0x00000000000087df      0x9b2 hpl/mclk/hpl_mclk.o
 .debug_info    0x0000000000009191      0xbcd hpl/ramecc/hpl_ramecc.o
 .debug_info    0x0000000000009d5e      0x6ec hpl/osc32kctrl/hpl_osc32kctrl.o
 .debug_info    0x000000000000a44a     0x4023 driver_init.o
 .debug_info    0x000000000000e46d       0xa7 main.o
 .debug_info    0x000000000000e514       0xa3 atmel_start.o
 .debug_info    0x000000000000e5b7      0xc62 gcc/gcc/startup_same51.o
 .debug_info    0x000000000000f219     0x29aa thirdparty/RTOS/freertos/FreeRTOSV10.0.0/Source/tasks.o
 .debug_info    0x0000000000011bc3      0x11a /usr/lib/gcc/arm-none-eabi/10.3.1/../../../arm-none-eabi/lib/thumb/v7e-m/nofp/libc_nano.a(lib_a-init.o)
 .debug_info    0x0000000000011cdd       0x26 /usr/lib/gcc/arm-none-eabi/10.3.1/../../../arm-none-eabi/lib/thumb/v7e-m/nofp/libc_nano.a(lib_a-memcpy.o)
 .debug_info    0x0000000000011d03      0x137 /usr/lib/gcc/arm-none-eabi/10.3.1/../../../arm-none-eabi/lib/thumb/v7e-m/nofp/libc_nano.a(lib_a-memset.o)

.debug_abbrev   0x0000000000000000     0x2285
 .debug_abbrev  0x0000000000000000      0x109 thirdparty/RTOS/freertos/FreeRTOSV10.0.0/Source/list.o
 .debug_abbrev  0x0000000000000109      0x1b0 hal/src/hal_can_async.o
 .debug_abbrev  0x00000000000002b9      0x4f1 hpl/can/hpl_can.o
 .debug_abbrev  0x00000000000007aa      0x28a thirdparty/RTOS/freertos/FreeRTOSV10.0.0/Source/portable/GCC/ARM_CM4F/port.o
 .debug_abbrev  0x0000000000000a34      0x1e7 hpl/core/hpl_init.o
 .debug_abbrev  0x0000000000000c1b      0x1c5 hpl/gclk/hpl_gclk.o
 .debug_abbrev  0x0000000000000de0       0x6a hal/utils/src/utils_assert.o
 .debug_abbrev  0x0000000000000e4a      0x1dd hpl/oscctrl/hpl_oscctrl.o
 .debug_abbrev  0x0000000000001027      0x1c7 hpl/mclk/hpl_mclk.o
 .debug_abbrev  0x00000000000011ee      0x316 hpl/ramecc/hpl_ramecc.o
 .debug_abbrev  0x0000000000001504      0x20e hpl/osc32kctrl/hpl_osc32kctrl.o
 .debug_abbrev  0x0000000000001712      0x2fa driver_init.o
 .debug_abbrev  0x0000000000001a0c       0x69 main.o
 .debug_abbrev  0x0000000000001a75       0x6a atmel_start.o
 .debug_abbrev  0x0000000000001adf      0x1b9 gcc/gcc/startup_same51.o
 .debug_abbrev  0x0000000000001c98      0x459 thirdparty/RTOS/freertos/FreeRTOSV10.0.0/Source/tasks.o
 .debug_abbrev  0x00000000000020f1       0xcc /usr/lib/gcc/arm-none-eabi/10.3.1/../../../arm-none-eabi/lib/thumb/v7e-m/nofp/libc_nano.a(lib_a-init.o)
 .debug_abbrev  0x00000000000021bd       0x14 /usr/lib/gcc/arm-none-eabi/10.3.1/../../../arm-none-eabi/lib/thumb/v7e-m/nofp/libc_nano.a(lib_a-memcpy.o)
 .debug_abbrev  0x00000000000021d1       0xb4 /usr/lib/gcc/arm-none-eabi/10.3.1/../../../arm-none-eabi/lib/thumb/v7e-m/nofp/libc_nano.a(lib_a-memset.o)

.debug_loc      0x0000000000000000     0x373c
 .debug_loc     0x0000000000000000       0xaf thirdparty/RTOS/freertos/FreeRTOSV10.0.0/Source/list.o
 .debug_loc     0x00000000000000af      0x595 hal/src/hal_can_async.o
 .debug_loc     0x0000000000000644      0xe61 hpl/can/hpl_can.o
 .debug_loc     0x00000000000014a5       0xf8 thirdparty/RTOS/freertos/FreeRTOSV10.0.0/Source/portable/GCC/ARM_CM4F/port.o
 .debug_loc     0x000000000000159d       0x30 hpl/core/hpl_init.o
 .debug_loc     0x00000000000015cd       0x7c hpl/gclk/hpl_gclk.o
 .debug_loc     0x0000000000001649       0x64 hpl/oscctrl/hpl_oscctrl.o
 .debug_loc     0x00000000000016ad       0x30 hpl/mclk/hpl_mclk.o
 .debug_loc     0x00000000000016dd      0x123 hpl/ramecc/hpl_ramecc.o
 .debug_loc     0x0000000000001800       0xcc hpl/osc32kctrl/hpl_osc32kctrl.o
 .debug_loc     0x00000000000018cc       0x61 driver_init.o
 .debug_loc     0x000000000000192d     0x1b29 thirdparty/RTOS/freertos/FreeRTOSV10.0.0/Source/tasks.o
 .debug_loc     0x0000000000003456       0xba /usr/lib/gcc/arm-none-eabi/10.3.1/../../../arm-none-eabi/lib/thumb/v7e-m/nofp/libc_nano.a(lib_a-init.o)
 .debug_loc     0x0000000000003510      0x22c /usr/lib/gcc/arm-none-eabi/10.3.1/../../../arm-none-eabi/lib/thumb/v7e-m/nofp/libc_nano.a(lib_a-memset.o)

.debug_aranges  0x0000000000000000      0x558
 .debug_aranges
                0x0000000000000000       0x40 thirdparty/RTOS/freertos/FreeRTOSV10.0.0/Source/list.o
 .debug_aranges
                0x0000000000000040       0x90 hal/src/hal_can_async.o
 .debug_aranges
                0x00000000000000d0       0x78 hpl/can/hpl_can.o
 .debug_aranges
                0x0000000000000148       0x80 thirdparty/RTOS/freertos/FreeRTOSV10.0.0/Source/portable/GCC/ARM_CM4F/port.o
 .debug_aranges
                0x00000000000001c8       0x20 hpl/core/hpl_init.o
 .debug_aranges
                0x00000000000001e8       0x28 hpl/gclk/hpl_gclk.o
 .debug_aranges
                0x0000000000000210       0x20 hal/utils/src/utils_assert.o
 .debug_aranges
                0x0000000000000230       0x28 hpl/oscctrl/hpl_oscctrl.o
 .debug_aranges
                0x0000000000000258       0x20 hpl/mclk/hpl_mclk.o
 .debug_aranges
                0x0000000000000278       0x30 hpl/ramecc/hpl_ramecc.o
 .debug_aranges
                0x00000000000002a8       0x20 hpl/osc32kctrl/hpl_osc32kctrl.o
 .debug_aranges
                0x00000000000002c8       0x30 driver_init.o
 .debug_aranges
                0x00000000000002f8       0x20 main.o
 .debug_aranges
                0x0000000000000318       0x20 atmel_start.o
 .debug_aranges
                0x0000000000000338       0x28 gcc/gcc/startup_same51.o
 .debug_aranges
                0x0000000000000360      0x198 thirdparty/RTOS/freertos/FreeRTOSV10.0.0/Source/tasks.o
 .debug_aranges
                0x00000000000004f8       0x20 /usr/lib/gcc/arm-none-eabi/10.3.1/../../../arm-none-eabi/lib/thumb/v7e-m/nofp/libc_nano.a(lib_a-init.o)
 .debug_aranges
                0x0000000000000518       0x20 /usr/lib/gcc/arm-none-eabi/10.3.1/../../../arm-none-eabi/lib/thumb/v7e-m/nofp/libc_nano.a(lib_a-memcpy.o)
 .debug_aranges
                0x0000000000000538       0x20 /usr/lib/gcc/arm-none-eabi/10.3.1/../../../arm-none-eabi/lib/thumb/v7e-m/nofp/libc_nano.a(lib_a-memset.o)

.debug_ranges   0x0000000000000000      0x7e0
 .debug_ranges  0x0000000000000000       0x30 thirdparty/RTOS/freertos/FreeRTOSV10.0.0/Source/list.o
 .debug_ranges  0x0000000000000030       0x80 hal/src/hal_can_async.o
 .debug_ranges  0x00000000000000b0      0x240 hpl/can/hpl_can.o
 .debug_ranges  0x00000000000002f0       0xa0 thirdparty/RTOS/freertos/FreeRTOSV10.0.0/Source/portable/GCC/ARM_CM4F/port.o
 .debug_ranges  0x0000000000000390       0x28 hpl/core/hpl_init.o
 .debug_ranges  0x00000000000003b8       0x18 hpl/gclk/hpl_gclk.o
 .debug_ranges  0x00000000000003d0       0x10 hal/utils/src/utils_assert.o
 .debug_ranges  0x00000000000003e0       0x18 hpl/oscctrl/hpl_oscctrl.o
 .debug_ranges  0x00000000000003f8       0x10 hpl/mclk/hpl_mclk.o
 .debug_ranges  0x0000000000000408       0x50 hpl/ramecc/hpl_ramecc.o
 .debug_ranges  0x0000000000000458       0x10 hpl/osc32kctrl/hpl_osc32kctrl.o
 .debug_ranges  0x0000000000000468       0x50 driver_init.o
 .debug_ranges  0x00000000000004b8       0x10 main.o
 .debug_ranges  0x00000000000004c8       0x10 atmel_start.o
 .debug_ranges  0x00000000000004d8       0x18 gcc/gcc/startup_same51.o
 .debug_ranges  0x00000000000004f0      0x2f0 thirdparty/RTOS/freertos/FreeRTOSV10.0.0/Source/tasks.o

.debug_macro    0x0000000000000000     0x81d3
 .debug_macro   0x0000000000000000      0x165 thirdparty/RTOS/freertos/FreeRTOSV10.0.0/Source/list.o
 .debug_macro   0x0000000000000165       0x18 thirdparty/RTOS/freertos/FreeRTOSV10.0.0/Source/list.o
 .debug_macro   0x000000000000017d       0x22 thirdparty/RTOS/freertos/FreeRTOSV10.0.0/Source/list.o
 .debug_macro   0x000000000000019f       0x52 thirdparty/RTOS/freertos/FreeRTOSV10.0.0/Source/list.o
 .debug_macro   0x00000000000001f1       0x94 thirdparty/RTOS/freertos/FreeRTOSV10.0.0/Source/list.o
 .debug_macro   0x0000000000000285       0x35 thirdparty/RTOS/freertos/FreeRTOSV10.0.0/Source/list.o
 .debug_macro   0x00000000000002ba       0x34 thirdparty/RTOS/freertos/FreeRTOSV10.0.0/Source/list.o
 .debug_macro   0x00000000000002ee       0x16 thirdparty/RTOS/freertos/FreeRTOSV10.0.0/Source/list.o
 .debug_macro   0x0000000000000304      0x10e thirdparty/RTOS/freertos/FreeRTOSV10.0.0/Source/list.o
 .debug_macro   0x0000000000000412       0x86 thirdparty/RTOS/freertos/FreeRTOSV10.0.0/Source/list.o
 .debug_macro   0x0000000000000498       0x16 thirdparty/RTOS/freertos/FreeRTOSV10.0.0/Source/list.o
 .debug_macro   0x00000000000004ae       0x43 thirdparty/RTOS/freertos/FreeRTOSV10.0.0/Source/list.o
 .debug_macro   0x00000000000004f1       0x57 thirdparty/RTOS/freertos/FreeRTOSV10.0.0/Source/list.o
 .debug_macro   0x0000000000000548       0x34 thirdparty/RTOS/freertos/FreeRTOSV10.0.0/Source/list.o
 .debug_macro   0x000000000000057c       0x10 thirdparty/RTOS/freertos/FreeRTOSV10.0.0/Source/list.o
 .debug_macro   0x000000000000058c       0x52 thirdparty/RTOS/freertos/FreeRTOSV10.0.0/Source/list.o
 .debug_macro   0x00000000000005de      0x182 thirdparty/RTOS/freertos/FreeRTOSV10.0.0/Source/list.o
 .debug_macro   0x0000000000000760      0x356 thirdparty/RTOS/freertos/FreeRTOSV10.0.0/Source/list.o
 .debug_macro   0x0000000000000ab6       0x16 thirdparty/RTOS/freertos/FreeRTOSV10.0.0/Source/list.o
 .debug_macro   0x0000000000000acc       0x29 thirdparty/RTOS/freertos/FreeRTOSV10.0.0/Source/list.o
 .debug_macro   0x0000000000000af5       0x1c thirdparty/RTOS/freertos/FreeRTOSV10.0.0/Source/list.o
 .debug_macro   0x0000000000000b11      0x183 thirdparty/RTOS/freertos/FreeRTOSV10.0.0/Source/list.o
 .debug_macro   0x0000000000000c94      0x15a thirdparty/RTOS/freertos/FreeRTOSV10.0.0/Source/list.o
 .debug_macro   0x0000000000000dee       0xc2 thirdparty/RTOS/freertos/FreeRTOSV10.0.0/Source/list.o
 .debug_macro   0x0000000000000eb0       0x10 thirdparty/RTOS/freertos/FreeRTOSV10.0.0/Source/list.o
 .debug_macro   0x0000000000000ec0       0x1f thirdparty/RTOS/freertos/FreeRTOSV10.0.0/Source/list.o
 .debug_macro   0x0000000000000edf      0x45c thirdparty/RTOS/freertos/FreeRTOSV10.0.0/Source/list.o
 .debug_macro   0x000000000000133b       0xb5 thirdparty/RTOS/freertos/FreeRTOSV10.0.0/Source/list.o
 .debug_macro   0x00000000000013f0      0x626 hal/src/hal_can_async.o
 .debug_macro   0x0000000000001a16       0x10 hal/src/hal_can_async.o
 .debug_macro   0x0000000000001a26       0xc9 hal/src/hal_can_async.o
 .debug_macro   0x0000000000001aef      0x71c hpl/can/hpl_can.o
 .debug_macro   0x000000000000220b      0x167 hpl/can/hpl_can.o
 .debug_macro   0x0000000000002372       0x9e hpl/can/hpl_can.o
 .debug_macro   0x0000000000002410       0x10 hpl/can/hpl_can.o
 .debug_macro   0x0000000000002420       0x35 hpl/can/hpl_can.o
 .debug_macro   0x0000000000002455      0x15c thirdparty/RTOS/freertos/FreeRTOSV10.0.0/Source/portable/GCC/ARM_CM4F/port.o
 .debug_macro   0x00000000000025b1      0x683 hpl/core/hpl_init.o
 .debug_macro   0x0000000000002c34       0x1c hpl/core/hpl_init.o
 .debug_macro   0x0000000000002c50       0xcf hpl/core/hpl_init.o
 .debug_macro   0x0000000000002d1f       0x2e hpl/core/hpl_init.o
 .debug_macro   0x0000000000002d4d      0xd7b hpl/core/hpl_init.o
 .debug_macro   0x0000000000003ac8       0x28 hpl/core/hpl_init.o
 .debug_macro   0x0000000000003af0       0x34 hpl/core/hpl_init.o
 .debug_macro   0x0000000000003b24      0x5f9 hpl/gclk/hpl_gclk.o
 .debug_macro   0x000000000000411d      0x2f0 hpl/gclk/hpl_gclk.o
 .debug_macro   0x000000000000440d      0x5ea hal/utils/src/utils_assert.o
 .debug_macro   0x00000000000049f7      0x5f9 hpl/oscctrl/hpl_oscctrl.o
 .debug_macro   0x0000000000004ff0      0x216 hpl/oscctrl/hpl_oscctrl.o
 .debug_macro   0x0000000000005206      0x5f4 hpl/mclk/hpl_mclk.o
 .debug_macro   0x00000000000057fa      0x60a hpl/ramecc/hpl_ramecc.o
 .debug_macro   0x0000000000005e04      0x5ef hpl/osc32kctrl/hpl_osc32kctrl.o
 .debug_macro   0x00000000000063f3       0x80 hpl/osc32kctrl/hpl_osc32kctrl.o
 .debug_macro   0x0000000000006473      0x6bb driver_init.o
 .debug_macro   0x0000000000006b2e      0x799 main.o
 .debug_macro   0x00000000000072c7      0x799 atmel_start.o
 .debug_macro   0x0000000000007a60      0x423 gcc/gcc/startup_same51.o
 .debug_macro   0x0000000000007e83      0x324 thirdparty/RTOS/freertos/FreeRTOSV10.0.0/Source/tasks.o
 .debug_macro   0x00000000000081a7       0x10 thirdparty/RTOS/freertos/FreeRTOSV10.0.0/Source/tasks.o
 .debug_macro   0x00000000000081b7       0x1c thirdparty/RTOS/freertos/FreeRTOSV10.0.0/Source/tasks.o

.debug_line     0x0000000000000000     0xbce3
 .debug_line    0x0000000000000000      0x481 thirdparty/RTOS/freertos/FreeRTOSV10.0.0/Source/list.o
 .debug_line    0x0000000000000481      0xbbd hal/src/hal_can_async.o
 .debug_line    0x000000000000103e     0x16c9 hpl/can/hpl_can.o
 .debug_line    0x0000000000002707      0x704 thirdparty/RTOS/freertos/FreeRTOSV10.0.0/Source/portable/GCC/ARM_CM4F/port.o
 .debug_line    0x0000000000002e0b      0x994 hpl/core/hpl_init.o
 .debug_line    0x000000000000379f      0x902 hpl/gclk/hpl_gclk.o
 .debug_line    0x00000000000040a1      0x864 hal/utils/src/utils_assert.o
 .debug_line    0x0000000000004905      0x901 hpl/oscctrl/hpl_oscctrl.o
 .debug_line    0x0000000000005206      0x894 hpl/mclk/hpl_mclk.o
 .debug_line    0x0000000000005a9a      0xa34 hpl/ramecc/hpl_ramecc.o
 .debug_line    0x00000000000064ce      0x8e5 hpl/osc32kctrl/hpl_osc32kctrl.o
 .debug_line    0x0000000000006db3      0xa2e driver_init.o
 .debug_line    0x00000000000077e1      0xb74 main.o
 .debug_line    0x0000000000008355      0xb62 atmel_start.o
 .debug_line    0x0000000000008eb7      0x5a9 gcc/gcc/startup_same51.o
 .debug_line    0x0000000000009460     0x24ce thirdparty/RTOS/freertos/FreeRTOSV10.0.0/Source/tasks.o
 .debug_line    0x000000000000b92e      0x138 /usr/lib/gcc/arm-none-eabi/10.3.1/../../../arm-none-eabi/lib/thumb/v7e-m/nofp/libc_nano.a(lib_a-init.o)
 .debug_line    0x000000000000ba66       0xbe /usr/lib/gcc/arm-none-eabi/10.3.1/../../../arm-none-eabi/lib/thumb/v7e-m/nofp/libc_nano.a(lib_a-memcpy.o)
 .debug_line    0x000000000000bb24      0x1bf /usr/lib/gcc/arm-none-eabi/10.3.1/../../../arm-none-eabi/lib/thumb/v7e-m/nofp/libc_nano.a(lib_a-memset.o)

.debug_str      0x0000000000000000   0x101cf3
 .debug_str     0x0000000000000000     0x9888 thirdparty/RTOS/freertos/FreeRTOSV10.0.0/Source/list.o
                                       0x9a90 (size before relaxing)
 .debug_str     0x0000000000009888    0xeab63 hal/src/hal_can_async.o
                                      0xee99f (size before relaxing)
 .debug_str     0x00000000000f43eb     0x2508 hpl/can/hpl_can.o
                                      0xf3827 (size before relaxing)
 .debug_str     0x00000000000f68f3      0xd83 thirdparty/RTOS/freertos/FreeRTOSV10.0.0/Source/portable/GCC/ARM_CM4F/port.o
                                       0x7bc8 (size before relaxing)
 .debug_str     0x00000000000f7676     0x39f9 hpl/core/hpl_init.o
                                      0xf1b8b (size before relaxing)
 .debug_str     0x00000000000fb06f      0xce7 hpl/gclk/hpl_gclk.o
                                      0xeede8 (size before relaxing)
 .debug_str     0x00000000000fbd56       0x2f hal/utils/src/utils_assert.o
                                      0xee0c3 (size before relaxing)
 .debug_str     0x00000000000fbd85      0xaef hpl/oscctrl/hpl_oscctrl.o
                                      0xef725 (size before relaxing)
 .debug_str     0x00000000000fc874      0x2fd hpl/mclk/hpl_mclk.o
                                      0xee4d0 (size before relaxing)
 .debug_str     0x00000000000fcb71      0x25d hpl/ramecc/hpl_ramecc.o
                                      0xeef5c (size before relaxing)
 .debug_str     0x00000000000fcdce      0x439 hpl/osc32kctrl/hpl_osc32kctrl.o
                                      0xee50a (size before relaxing)
 .debug_str     0x00000000000fd207      0x29b driver_init.o
                                      0xf01cd (size before relaxing)
 .debug_str     0x00000000000fd4a2      0xe93 main.o
                                      0xf37b1 (size before relaxing)
 .debug_str     0x00000000000fe335       0x11 atmel_start.o
                                      0xf37bf (size before relaxing)
 .debug_str     0x00000000000fe346      0xb92 gcc/gcc/startup_same51.o
                                      0xd8724 (size before relaxing)
 .debug_str     0x00000000000feed8     0x2b70 thirdparty/RTOS/freertos/FreeRTOSV10.0.0/Source/tasks.o
                                       0xcd70 (size before relaxing)
 .debug_str     0x0000000000101a48      0x151 /usr/lib/gcc/arm-none-eabi/10.3.1/../../../arm-none-eabi/lib/thumb/v7e-m/nofp/libc_nano.a(lib_a-init.o)
                                        0x205 (size before relaxing)
 .debug_str     0x0000000000101b99       0xb3 /usr/lib/gcc/arm-none-eabi/10.3.1/../../../arm-none-eabi/lib/thumb/v7e-m/nofp/libc_nano.a(lib_a-memcpy.o)
 .debug_str     0x0000000000101c4c       0xa7 /usr/lib/gcc/arm-none-eabi/10.3.1/../../../arm-none-eabi/lib/thumb/v7e-m/nofp/libc_nano.a(lib_a-memset.o)
                                        0x1ba (size before relaxing)

.debug_frame    0x0000000000000000      0xc0c
 .debug_frame   0x0000000000000000       0x6c thirdparty/RTOS/freertos/FreeRTOSV10.0.0/Source/list.o
 .debug_frame   0x000000000000006c      0x1a8 hal/src/hal_can_async.o
 .debug_frame   0x0000000000000214      0x118 hpl/can/hpl_can.o
 .debug_frame   0x000000000000032c      0x100 thirdparty/RTOS/freertos/FreeRTOSV10.0.0/Source/portable/GCC/ARM_CM4F/port.o
 .debug_frame   0x000000000000042c       0x2c hpl/core/hpl_init.o
 .debug_frame   0x0000000000000458       0x30 hpl/gclk/hpl_gclk.o
 .debug_frame   0x0000000000000488       0x20 hal/utils/src/utils_assert.o
 .debug_frame   0x00000000000004a8       0x30 hpl/oscctrl/hpl_oscctrl.o
 .debug_frame   0x00000000000004d8       0x20 hpl/mclk/hpl_mclk.o
 .debug_frame   0x00000000000004f8       0x4c hpl/ramecc/hpl_ramecc.o
 .debug_frame   0x0000000000000544       0x20 hpl/osc32kctrl/hpl_osc32kctrl.o
 .debug_frame   0x0000000000000564       0x4c driver_init.o
 .debug_frame   0x00000000000005b0       0x28 main.o
 .debug_frame   0x00000000000005d8       0x20 atmel_start.o
 .debug_frame   0x00000000000005f8       0x38 gcc/gcc/startup_same51.o
 .debug_frame   0x0000000000000630      0x584 thirdparty/RTOS/freertos/FreeRTOSV10.0.0/Source/tasks.o
 .debug_frame   0x0000000000000bb4       0x2c /usr/lib/gcc/arm-none-eabi/10.3.1/../../../arm-none-eabi/lib/thumb/v7e-m/nofp/libc_nano.a(lib_a-init.o)
 .debug_frame   0x0000000000000be0       0x2c /usr/lib/gcc/arm-none-eabi/10.3.1/../../../arm-none-eabi/lib/thumb/v7e-m/nofp/libc_nano.a(lib_a-memset.o)
